<html>
<body>
<pre>
<h1>µVision Build Log</h1>
<h2>Project:</h2>
C:\Users\sainti\Desktop\Daily_Code\1.GPIO_Control_testing\testing.uvproj
Project File Date:  08/26/2020

<h2>Output:</h2>
Rebuild target 'Target 1'
assembling Startup.s...
compiling main.c...
linking...
Program Size: Code=692 RO-data=16 RW-data=0 ZI-data=1256  
"testing.axf" - 0 Error(s), 0 Warning(s).
Rebuild target 'Target 1'
assembling Startup.s...
compiling main.c...
linking...
Program Size: Code=716 RO-data=16 RW-data=0 ZI-data=1256  
"testing.axf" - 0 Error(s), 0 Warning(s).
Rebuild target 'Target 1'
assembling Startup.s...
compiling main.c...
linking...
Program Size: Code=716 RO-data=16 RW-data=0 ZI-data=1256  
"testing.axf" - 0 Error(s), 0 Warning(s).
Rebuild target 'Target 1'
assembling Startup.s...
compiling main.c...
linking...
Program Size: Code=716 RO-data=16 RW-data=0 ZI-data=1256  
FromELF: creating hex file...
"testing.axf" - 0 Error(s), 0 Warning(s).
Rebuild target 'Target 1'
assembling Startup.s...
compiling main.c...
linking...
Program Size: Code=712 RO-data=16 RW-data=0 ZI-data=1256  
FromELF: creating hex file...
"testing.axf" - 0 Error(s), 0 Warning(s).
Rebuild target 'Target 1'
assembling Startup.s...
compiling main.c...
linking...
Program Size: Code=716 RO-data=16 RW-data=0 ZI-data=1256  
FromELF: creating hex file...
"testing.axf" - 0 Error(s), 0 Warning(s).
Rebuild target 'Target 1'
assembling Startup.s...
compiling main.c...
main.c(4): error:  #65: expected a ";"
main.c(10): warning:  #12-D: parsing restarts here after previous syntax error
Target not created
Rebuild target 'Target 1'
assembling Startup.s...
compiling main.c...
main.c(4): error:  #65: expected a ";"
Target not created
Rebuild target 'Target 1'
assembling Startup.s...
compiling main.c...
main.c(4): error:  #65: expected a ";"
Target not created
Build target 'Target 1'
compiling main.c...
main.c(4): error:  #65: expected a ";"
Target not created
Rebuild target 'Target 1'
assembling Startup.s...
compiling main.c...
main.c(4): error:  #65: expected a ";"
Target not created
Rebuild target 'Target 1'
assembling Startup.s...
compiling main.c...
main.c(4): error:  #65: expected a ";"
Target not created
Rebuild target 'Target 1'
assembling Startup.s...
compiling main.c...
main.c(4): error:  #65: expected a ";"
Target not created
Rebuild target 'Target 1'
assembling Startup.s...
compiling main.c...
linking...
Program Size: Code=708 RO-data=16 RW-data=0 ZI-data=1256  
FromELF: creating hex file...
"testing.axf" - 0 Error(s), 0 Warning(s).
Rebuild target 'Target 1'
assembling Startup.s...
compiling main.c...
linking...
Program Size: Code=708 RO-data=16 RW-data=0 ZI-data=1256  
FromELF: creating hex file...
"testing.axf" - 0 Error(s), 0 Warning(s).
Build target 'Target 1'
compiling main.c...
main.c(4): error:  #65: expected a ";"
Target not created
Rebuild target 'Target 1'
assembling Startup.s...
compiling main.c...
linking...
Program Size: Code=708 RO-data=16 RW-data=0 ZI-data=1256  
FromELF: creating hex file...
"testing.axf" - 0 Error(s), 0 Warning(s).
Rebuild target 'Target 1'
assembling Startup.s...
compiling main.c...
linking...
Program Size: Code=708 RO-data=16 RW-data=0 ZI-data=1256  
FromELF: creating hex file...
"testing.axf" - 0 Error(s), 0 Warning(s).
Rebuild target 'Target 1'
assembling Startup.s...
compiling main.c...
linking...
Program Size: Code=716 RO-data=16 RW-data=0 ZI-data=1256  
FromELF: creating hex file...
"testing.axf" - 0 Error(s), 0 Warning(s).
Rebuild target 'Target 1'
assembling Startup.s...
compiling main.c...
linking...
Program Size: Code=716 RO-data=16 RW-data=0 ZI-data=1256  
FromELF: creating hex file...
"testing.axf" - 0 Error(s), 0 Warning(s).
Rebuild target 'Target 1'
assembling Startup.s...
compiling main.c...
linking...
Program Size: Code=716 RO-data=16 RW-data=0 ZI-data=1256  
FromELF: creating hex file...
"testing.axf" - 0 Error(s), 0 Warning(s).
Rebuild target 'Target 1'
assembling Startup.s...
compiling main.c...
linking...
Program Size: Code=716 RO-data=16 RW-data=0 ZI-data=1256  
FromELF: creating hex file...
"testing.axf" - 0 Error(s), 0 Warning(s).
Rebuild target 'Target 1'
assembling Startup.s...
compiling main.c...
linking...
Program Size: Code=732 RO-data=16 RW-data=0 ZI-data=1256  
FromELF: creating hex file...
"testing.axf" - 0 Error(s), 0 Warning(s).
Rebuild target 'Target 1'
assembling Startup.s...
compiling main.c...
linking...
Program Size: Code=732 RO-data=16 RW-data=0 ZI-data=1256  
FromELF: creating hex file...
"testing.axf" - 0 Error(s), 0 Warning(s).
Build target 'Target 1'
compiling main.c...
linking...
Program Size: Code=732 RO-data=16 RW-data=0 ZI-data=1256  
FromELF: creating hex file...
"testing.axf" - 0 Error(s), 0 Warning(s).
Rebuild target 'Target 1'
assembling Startup.s...
compiling main.c...
linking...
Program Size: Code=732 RO-data=16 RW-data=0 ZI-data=1256  
FromELF: creating hex file...
"testing.axf" - 0 Error(s), 0 Warning(s).
Rebuild target 'Target 1'
assembling Startup.s...
compiling main.c...
linking...
Program Size: Code=708 RO-data=16 RW-data=0 ZI-data=1256  
FromELF: creating hex file...
"testing.axf" - 0 Error(s), 0 Warning(s).
Rebuild target 'Target 1'
assembling Startup.s...
compiling main.c...
linking...
Program Size: Code=708 RO-data=16 RW-data=0 ZI-data=1256  
FromELF: creating hex file...
"testing.axf" - 0 Error(s), 0 Warning(s).
Rebuild target 'Target 1'
assembling Startup.s...
compiling main.c...
linking...
Program Size: Code=708 RO-data=16 RW-data=0 ZI-data=1256  
FromELF: creating hex file...
"testing.axf" - 0 Error(s), 0 Warning(s).
Rebuild target 'Target 1'
assembling Startup.s...
compiling main.c...
linking...
Program Size: Code=708 RO-data=16 RW-data=0 ZI-data=1256  
FromELF: creating hex file...
"testing.axf" - 0 Error(s), 0 Warning(s).
Rebuild target 'Target 1'
assembling Startup.s...
compiling main.c...
linking...
Program Size: Code=716 RO-data=16 RW-data=0 ZI-data=1256  
FromELF: creating hex file...
"testing.axf" - 0 Error(s), 0 Warning(s).
Rebuild target 'Target 1'
assembling Startup.s...
compiling main.c...
linking...
Program Size: Code=716 RO-data=16 RW-data=0 ZI-data=1256  
FromELF: creating hex file...
"testing.axf" - 0 Error(s), 0 Warning(s).
Rebuild target 'Target 1'
assembling Startup.s...
compiling main.c...
linking...
Program Size: Code=708 RO-data=16 RW-data=0 ZI-data=1256  
FromELF: creating hex file...
"testing.axf" - 0 Error(s), 0 Warning(s).
Rebuild target 'Target 1'
assembling Startup.s...
compiling main.c...
linking...
Program Size: Code=708 RO-data=16 RW-data=0 ZI-data=1256  
FromELF: creating hex file...
"testing.axf" - 0 Error(s), 0 Warning(s).
Rebuild target 'Target 1'
assembling Startup.s...
compiling main.c...
linking...
Program Size: Code=716 RO-data=16 RW-data=0 ZI-data=1256  
FromELF: creating hex file...
"testing.axf" - 0 Error(s), 0 Warning(s).
Rebuild target 'Target 1'
assembling Startup.s...
compiling main.c...
linking...
Program Size: Code=708 RO-data=16 RW-data=0 ZI-data=1256  
FromELF: creating hex file...
"testing.axf" - 0 Error(s), 0 Warning(s).
Rebuild target 'Target 1'
assembling Startup.s...
compiling main.c...
main.c(5): warning:  #61-D: integer operation result is out of range
main.c(5): warning:  #68-D: integer conversion resulted in a change of sign
linking...
Program Size: Code=716 RO-data=16 RW-data=0 ZI-data=1256  
FromELF: creating hex file...
"testing.axf" - 0 Error(s), 2 Warning(s).
Rebuild target 'Target 1'
assembling Startup.s...
compiling main.c...
main.c(5): error:  #18: expected a ")"
Target not created
Rebuild target 'Target 1'
assembling Startup.s...
compiling main.c...
main.c(5): warning:  #61-D: integer operation result is out of range
main.c(5): warning:  #68-D: integer conversion resulted in a change of sign
linking...
Program Size: Code=716 RO-data=16 RW-data=0 ZI-data=1256  
FromELF: creating hex file...
"testing.axf" - 0 Error(s), 2 Warning(s).
Rebuild target 'Target 1'
assembling Startup.s...
compiling main.c...
main.c(5): warning:  #61-D: integer operation result is out of range
main.c(5): warning:  #68-D: integer conversion resulted in a change of sign
linking...
Program Size: Code=716 RO-data=16 RW-data=0 ZI-data=1256  
FromELF: creating hex file...
"testing.axf" - 0 Error(s), 2 Warning(s).
Rebuild target 'Target 1'
assembling Startup.s...
compiling main.c...
linking...
Program Size: Code=716 RO-data=16 RW-data=0 ZI-data=1256  
FromELF: creating hex file...
"testing.axf" - 0 Error(s), 0 Warning(s).
Rebuild target 'Target 1'
assembling Startup.s...
compiling main.c...
linking...
Program Size: Code=716 RO-data=16 RW-data=0 ZI-data=1256  
FromELF: creating hex file...
"testing.axf" - 0 Error(s), 0 Warning(s).
Rebuild target 'Target 1'
assembling Startup.s...
compiling main.c...
linking...
Program Size: Code=712 RO-data=16 RW-data=0 ZI-data=1256  
FromELF: creating hex file...
"testing.axf" - 0 Error(s), 0 Warning(s).
Rebuild target 'Target 1'
assembling Startup.s...
compiling main.c...
linking...
Program Size: Code=724 RO-data=16 RW-data=0 ZI-data=1256  
FromELF: creating hex file...
"testing.axf" - 0 Error(s), 0 Warning(s).
Rebuild target 'Target 1'
assembling Startup.s...
compiling main.c...
linking...
Program Size: Code=728 RO-data=16 RW-data=0 ZI-data=1256  
FromELF: creating hex file...
"testing.axf" - 0 Error(s), 0 Warning(s).
Rebuild target 'Target 1'
assembling Startup.s...
compiling main.c...
linking...
Program Size: Code=728 RO-data=16 RW-data=0 ZI-data=1256  
FromELF: creating hex file...
"testing.axf" - 0 Error(s), 0 Warning(s).
Rebuild target 'Target 1'
assembling Startup.s...
compiling main.c...
linking...
Program Size: Code=724 RO-data=16 RW-data=0 ZI-data=1256  
FromELF: creating hex file...
"testing.axf" - 0 Error(s), 0 Warning(s).
Rebuild target 'Target 1'
assembling Startup.s...
compiling main.c...
linking...
Program Size: Code=724 RO-data=16 RW-data=0 ZI-data=1256  
FromELF: creating hex file...
"testing.axf" - 0 Error(s), 0 Warning(s).
Rebuild target 'Target 1'
assembling Startup.s...
compiling main.c...
linking...
Program Size: Code=816 RO-data=16 RW-data=0 ZI-data=1256  
FromELF: creating hex file...
"testing.axf" - 0 Error(s), 0 Warning(s).
Rebuild target 'Target 1'
assembling Startup.s...
compiling main.c...
linking...
Program Size: Code=864 RO-data=16 RW-data=0 ZI-data=1256  
FromELF: creating hex file...
"testing.axf" - 0 Error(s), 0 Warning(s).
Rebuild target 'Target 1'
assembling Startup.s...
compiling main.c...
linking...
Program Size: Code=844 RO-data=16 RW-data=0 ZI-data=1256  
FromELF: creating hex file...
"testing.axf" - 0 Error(s), 0 Warning(s).
Rebuild target 'Target 1'
assembling Startup.s...
compiling main.c...
linking...
Program Size: Code=848 RO-data=16 RW-data=0 ZI-data=1256  
FromELF: creating hex file...
"testing.axf" - 0 Error(s), 0 Warning(s).
Rebuild target 'Target 1'
assembling Startup.s...
compiling main.c...
linking...
Program Size: Code=848 RO-data=16 RW-data=0 ZI-data=1256  
FromELF: creating hex file...
"testing.axf" - 0 Error(s), 0 Warning(s).
Rebuild target 'Target 1'
assembling Startup.s...
compiling main.c...
linking...
Program Size: Code=844 RO-data=16 RW-data=0 ZI-data=1256  
FromELF: creating hex file...
"testing.axf" - 0 Error(s), 0 Warning(s).
Rebuild target 'Target 1'
assembling Startup.s...
compiling main.c...
linking...
Program Size: Code=844 RO-data=16 RW-data=0 ZI-data=1256  
FromELF: creating hex file...
"testing.axf" - 0 Error(s), 0 Warning(s).
Rebuild target 'Target 1'
assembling Startup.s...
compiling main.c...
linking...
Program Size: Code=844 RO-data=16 RW-data=0 ZI-data=1256  
FromELF: creating hex file...
"testing.axf" - 0 Error(s), 0 Warning(s).
Rebuild target 'Target 1'
assembling Startup.s...
compiling main.c...
linking...
Program Size: Code=864 RO-data=16 RW-data=0 ZI-data=1256  
FromELF: creating hex file...
"testing.axf" - 0 Error(s), 0 Warning(s).
Rebuild target 'Target 1'
assembling Startup.s...
compiling main.c...
linking...
Program Size: Code=872 RO-data=16 RW-data=0 ZI-data=1256  
FromELF: creating hex file...
"testing.axf" - 0 Error(s), 0 Warning(s).
Rebuild target 'Target 1'
assembling Startup.s...
compiling main.c...
linking...
Program Size: Code=872 RO-data=16 RW-data=0 ZI-data=1256  
FromELF: creating hex file...
"testing.axf" - 0 Error(s), 0 Warning(s).
Rebuild target 'Target 1'
assembling Startup.s...
compiling main.c...
linking...
Program Size: Code=844 RO-data=16 RW-data=0 ZI-data=1256  
FromELF: creating hex file...
"testing.axf" - 0 Error(s), 0 Warning(s).
Rebuild target 'Target 1'
assembling Startup.s...
compiling main.c...
linking...
Program Size: Code=856 RO-data=16 RW-data=0 ZI-data=1256  
FromELF: creating hex file...
"testing.axf" - 0 Error(s), 0 Warning(s).
Rebuild target 'Target 1'
assembling Startup.s...
compiling main.c...
linking...
Program Size: Code=872 RO-data=16 RW-data=0 ZI-data=1256  
FromELF: creating hex file...
"testing.axf" - 0 Error(s), 0 Warning(s).
Rebuild target 'Target 1'
assembling Startup.s...
compiling main.c...
linking...
Program Size: Code=872 RO-data=16 RW-data=0 ZI-data=1256  
FromELF: creating hex file...
"testing.axf" - 0 Error(s), 0 Warning(s).
Rebuild target 'Target 1'
assembling Startup.s...
compiling main.c...
linking...
Program Size: Code=872 RO-data=16 RW-data=0 ZI-data=1256  
FromELF: creating hex file...
"testing.axf" - 0 Error(s), 0 Warning(s).
Rebuild target 'Target 1'
assembling Startup.s...
compiling main.c...
linking...
Program Size: Code=872 RO-data=16 RW-data=0 ZI-data=1256  
FromELF: creating hex file...
"testing.axf" - 0 Error(s), 0 Warning(s).
Rebuild target 'Target 1'
assembling Startup.s...
compiling main.c...
delay.h(3): warning:  #1-D: last line of file ends without a newline
linking...
testing.axf: Error: L6218E: Undefined symbol delay_ms (referred from main.o).
Target not created
Rebuild target 'Target 1'
assembling Startup.s...
compiling main.c...
linking...
testing.axf: Error: L6218E: Undefined symbol delay_ms (referred from main.o).
Target not created
Rebuild target 'Target 1'
assembling Startup.s...
compiling main.c...
linking...
testing.axf: Error: L6218E: Undefined symbol delay_ms (referred from main.o).
Target not created
Build target 'Target 1'
compiling main.c...
linking...
testing.axf: Error: L6218E: Undefined symbol delay_ms (referred from main.o).
Target not created
Rebuild target 'Target 1'
assembling Startup.s...
compiling main.c...
linking...
testing.axf: Error: L6218E: Undefined symbol delay_ms (referred from main.o).
Target not created
Rebuild target 'Target 1'
assembling Startup.s...
compiling main.c...
linking...
testing.axf: Error: L6218E: Undefined symbol delay_ms (referred from main.o).
Target not created
Rebuild target 'Target 1'
assembling Startup.s...
compiling main.c...
compiling delay.c...
linking...
Program Size: Code=872 RO-data=16 RW-data=0 ZI-data=1256  
FromELF: creating hex file...
"testing.axf" - 0 Error(s), 0 Warning(s).
Rebuild target 'Target 1'
assembling Startup.s...
compiling main.c...
compiling delay.c...
linking...
Program Size: Code=872 RO-data=16 RW-data=0 ZI-data=1256  
FromELF: creating hex file...
"testing.axf" - 0 Error(s), 0 Warning(s).
Rebuild target 'Target 1'
assembling Startup.s...
compiling main.c...
compiling delay.c...
linking...
Program Size: Code=872 RO-data=16 RW-data=0 ZI-data=1256  
FromELF: creating hex file...
"testing.axf" - 0 Error(s), 0 Warning(s).
Rebuild target 'Target 1'
assembling Startup.s...
compiling main.c...
main.c(5): error:  #130: expected a "{"
main.c(8): warning:  #12-D: parsing restarts here after previous syntax error
main.c(13): warning:  #223-D: function "toggle_pins_p0_0_p1_31" declared implicitly
main.c(17): error:  #159: declaration is incompatible with previous "toggle_pins_p0_0_p1_31" (declared at line 13)
main.c(27): error:  #247: function "toggle_pins_p0_0_p1_31_config" has already been defined
compiling delay.c...
Target not created
Rebuild target 'Target 1'
assembling Startup.s...
compiling main.c...
main.c(5): error:  #130: expected a "{"
main.c(8): warning:  #12-D: parsing restarts here after previous syntax error
main.c(13): warning:  #223-D: function "toggle_pins_p0_0_p1_31" declared implicitly
main.c(17): error:  #159: declaration is incompatible with previous "toggle_pins_p0_0_p1_31" (declared at line 13)
main.c(27): error:  #247: function "toggle_pins_p0_0_p1_31_config" has already been defined
compiling delay.c...
Target not created
Rebuild target 'Target 1'
assembling Startup.s...
compiling main.c...
compiling delay.c...
linking...
Program Size: Code=896 RO-data=16 RW-data=0 ZI-data=1256  
FromELF: creating hex file...
"testing.axf" - 0 Error(s), 0 Warning(s).
Rebuild target 'Target 1'
assembling Startup.s...
compiling main.c...
compiling delay.c...
linking...
Program Size: Code=896 RO-data=16 RW-data=0 ZI-data=1256  
FromELF: creating hex file...
"testing.axf" - 0 Error(s), 0 Warning(s).
Rebuild target 'Target 1'
assembling Startup.s...
compiling main.c...
compiling delay.c...
linking...
Program Size: Code=896 RO-data=16 RW-data=0 ZI-data=1256  
FromELF: creating hex file...
"testing.axf" - 0 Error(s), 0 Warning(s).
Rebuild target 'Target 1'
assembling Startup.s...
compiling main.c...
compiling delay.c...
linking...
Program Size: Code=896 RO-data=16 RW-data=0 ZI-data=1256  
FromELF: creating hex file...
"testing.axf" - 0 Error(s), 0 Warning(s).
